// Jest Snapshot v1, https://goo.gl/fbAQLP

exports[`CustomCheckbox should match the snapshot 1`] = `
<RCTSafeAreaView
  style={
    [
      {
        "alignItems": "center",
      },
      {
        "flexDirection": "row",
      },
    ]
  }
>
  <View
    accessibilityState={
      {
        "busy": undefined,
        "checked": undefined,
        "disabled": false,
        "expanded": undefined,
        "selected": undefined,
      }
    }
    accessibilityValue={
      {
        "max": undefined,
        "min": undefined,
        "now": undefined,
        "text": undefined,
      }
    }
    accessible={true}
    collapsable={false}
    focusable={true}
    onClick={[Function]}
    onResponderGrant={[Function]}
    onResponderMove={[Function]}
    onResponderRelease={[Function]}
    onResponderTerminate={[Function]}
    onResponderTerminationRequest={[Function]}
    onStartShouldSetResponder={[Function]}
    style={
      {
        "opacity": 1,
      }
    }
    testID="custom-checkbox"
  >
    <Image
      source={
        {
          "testUri": "../../../src/assets/un_checked.png",
        }
      }
      style={
        {
          "height": 23,
          "width": 23,
        }
      }
    />
  </View>
  <Text
    style={
      {
        "color": "black",
        "fontFamily": undefined,
        "fontSize": undefined,
        "marginHorizontal": 10,
      }
    }
  >
    label
  </Text>
</RCTSafeAreaView>
`;
